// Jest Snapshot v1, https://goo.gl/fbAQLP

exports[`Component is rendered 1`] = `
<div
  className="row"
>
  <div
    className="col s12 m10 offset-m1 l8 offset-l2"
  >
    <div
      className="card grey lighten-4"
    >
      <div
        className="card-content black-text"
      >
        <span
          className="card-title"
        >
          Sign Up For A New Account
        </span>
        <form
          id="sign_up"
          onSubmit={[Function]}
        >
          <div
            className="row"
          >
            <div
              className="col s12"
            >
              <div
                className="input-field"
              >
                <i
                  className="fa fa-user-circle-o prefix"
                />
                <input
                  className="icon_prefix"
                  placeholder="First Name"
                  required={true}
                  type="text"
                />
              </div>
              <div
                className="input-field"
              >
                <i
                  className="fa fa-user-circle-o prefix"
                />
                <input
                  className="icon_prefix"
                  placeholder="Last Name"
                  required={true}
                  type="text"
                />
              </div>
              <div
                className="input-field"
              >
                <i
                  className="fa fa-envelope-o prefix"
                />
                <input
                  className="icon_prefix"
                  placeholder="Email"
                  required={true}
                  type="email"
                />
              </div>
              <div
                className="input-field"
              >
                <i
                  className="fa fa-unlock-alt prefix"
                />
                <input
                  className="icon_prefix"
                  placeholder="Password"
                  required={true}
                  type="password"
                />
              </div>
              <div
                className="input-field"
              >
                <i
                  className="fa fa-unlock-alt prefix"
                />
                <input
                  className="icon_prefix"
                  placeholder="confirm Password"
                  required={true}
                  type="password"
                />
              </div>
              <input
                className="btn"
                type="submit"
                value="Sign Up"
              />
              <a
                className="btn grey"
                onClick={[Function]}
                style={Object {}}
              >
                Cancel
              </a>
            </div>
          </div>
        </form>
      </div>
    </div>
  </div>
</div>
`;
